[dupoc.net/index.html]
[backblue.gif]
[fade.gif]
[index.html]
[dupoc.net/wp-content/litespeed/css/6d746876fcf0273ec197a00388b668b9e939.css]
[dupoc.net/feed/index.html]
[dupoc.net/wp-json/wp/v2/pages/9.json]
[dupoc.net/comments/feed/index.html]
[dupoc.net/wp-json/index.html]
[dupoc.net/xmlrpc0db0.php]
[dupoc.net/wp-json/oembed/1.0/embed1af9.json]
[dupoc.net/wp-json/oembed/1.0/embed4ee1]
[dupoc.net/wp-content/uploads/2024/08/cropped-logo-png-32x32.png]
[dupoc.net/wp-content/uploads/2024/08/cropped-logo-png-192x192.png]
[dupoc.net/wp-content/uploads/2024/08/cropped-logo-png-180x180.png]
[dupoc.net/page-sitemap.xml]
[dupoc.net/wp-content/plugins/litespeed-cache/guest.vary.html]
[dupoc.net/index.html]
[dupoc.net/wp-content/litespeed/css/6d746876fcf0273ec197a00388b668b9e939.css]
[dupoc.net/politica-de-privacidade/index.html]
[dupoc.net/termos-de-uso/index.html]
[www.googletagmanager.com/gtm5445.html]
[dupoc.net/entre-em-contato/index.html]
[dupoc.net/faq/index.html]
[dupoc.net/login/index.html]
[dupoc.net/wp-content/litespeed/css/486bcc6add124628b4fa945169c0f0fbcd3d.css]
[dupoc.net/jogo-responsavel/index.html]
[dupoc.net/wp-content/litespeed/css/b35432eb2fefdf400fe6e196233568f7c450.css]
[dupoc.net/wp-content/litespeed/css/5323f58abbfb4f97b9c2464eb7f334e9c8d7.css]
[dupoc.net/wp-content/litespeed/css/cc3f147f9d4745503ffa531b2886e2bab162.css]
[dupoc.net/afiliados/index.html]
[dupoc.net/wp-content/litespeed/css/c11a8a40f8875e54c48102375abd45d1303b.css]
[dupoc.net/wp-content/litespeed/css/a983e06e3d32d535f3e1146321c576248978.css]
[dupoc.net/wp-content/litespeed/css/329d5dbc88c77cbd6b0b762d2c0ca57b5468.css]
[dupoc.net/wp-content/litespeed/css/600acba18df6bf6b3afbcc7ed54366ad5cfd.css]
[dupoc.net/wp-includes/js/jquery/jquery.minf43b.js]
[dupoc.net/wp-content/litespeed/js/4c72158cb0698c8f876445493a96e521c5ee.js]
[dupoc.net/wp-content/litespeed/js/12b3a3eecf14be2b993f1245e388d2aeb061.js]
[dupoc.net/wp-content/litespeed/js/19976bb030cc5d9f9858fbffa86ae7dce7e7.js]
[dupoc.net/wp-content/litespeed/js/2d3e47f192a85a2c25e7a3dc75c0eef0e289.js]
[dupoc.net/wp-json/wp/v2/pages/3.json]
[dupoc.net/wp-json/oembed/1.0/embed8f13.json]
[dupoc.net/wp-json/oembed/1.0/embed7f56]
[dupoc.net/wp-content/litespeed/js/430a0e15a23080e5b0027ee622ba903e86a4.js]
[dupoc.net/politica-de-privacidade/index.html]
[dupoc.net/wp-content/litespeed/js/309da567347173823ea6cc668fa2cedf1015.js]
[dupoc.net/wp-json/wp/v2/pages/287.json]
[dupoc.net/wp-json/oembed/1.0/embed5723.json]
[dupoc.net/termos-de-uso/index.html]
[dupoc.net/wp-json/oembed/1.0/embed13b9]
[dupoc.net/wp-content/litespeed/css/131b346ddc9145429c7dab876e5267125080.css]
[dupoc.net/wp-content/litespeed/css/5cf6bca112da1d102ab1c9f299b6d40442ca.css]
[dupoc.net/wp-content/litespeed/css/435a9eb722e8969511e84d4fccf0a32bd1e0.css]
[dupoc.net/wp-content/litespeed/css/1b592f8ea053fcfb4c8a1c006d1e52748516.css]
[dupoc.net/wp-json/wp/v2/pages/308.json]
[dupoc.net/wp-json/oembed/1.0/embedbb97.json]
[dupoc.net/wp-json/oembed/1.0/embed26cb]
[dupoc.net/wp-content/uploads/2023/12/logo.png]
[dupoc.net/wp-content/litespeed/css/79d5b82ccd057b807696d09b5ee0b3dfcfd3.css]
[dupoc.net/wp-content/litespeed/js/027250faded99f875ed8fdc76e4fec21d7d9.js]
[dupoc.net/wp-content/litespeed/js/886af05993282689cf5e12563592f93313ac.js]
[dupoc.net/wp-content/litespeed/js/81cf4ecce31bd78675907dc08587dba53f45.js]
[dupoc.net/wp-content/litespeed/js/62b3c207c6875a861c119e18e908478fbcd6.js]
[dupoc.net/wp-content/litespeed/js/0e329c8e232fa0624dac20f3d4e3309392e8.js]
[dupoc.net/wp-content/litespeed/js/6a6316191ae79f2d96cc38f13e3ebf20a872.js]
[dupoc.net/wp-content/litespeed/js/c1dd117fa318e3b027b5c35a690149375da4.js]
[dupoc.net/wp-content/litespeed/js/f0529a16d3f87ef73acaca981cf8b2326f0b.js]
[dupoc.net/wp-content/litespeed/js/91f3c093f43f05faf22891e4257d4d7d9198.js]
[dupoc.net/wp-content/litespeed/js/58088a8384830561adf16807b7d8a1fae847.js]
[dupoc.net/faq/index.html]
[dupoc.net/wp-content/litespeed/js/8469632e848c67a58e1efc100a5096569cd5.js]
[dupoc.net/wp-content/litespeed/css/7d933a3c7e5abff52046d3d4ccc10a780cc6.css]
[dupoc.net/wp-json/wp/v2/pages/353.json]
[dupoc.net/wp-json/oembed/1.0/embed5752.json]
[dupoc.net/wp-json/oembed/1.0/embed4141]
[dupoc.net/wp-content/uploads/2023/12/fortune-tiger.png]
[dupoc.net/login/index.html]
[dupoc.net/wp-content/litespeed/css/356ba36b6d0d3266a60dfb5013eac01a7afb.css]
[dupoc.net/wp-json/wp/v2/pages/314.json]
[dupoc.net/wp-json/oembed/1.0/embed51b8.json]
[dupoc.net/wp-json/oembed/1.0/embedfa4d]
[dupoc.net/entre-em-contato/index.html]
[dupoc.net/wp-content/litespeed/css/7c121eb55b705eab69914d84e7ceeaf3ca3a.css]
[dupoc.net/wp-json/wp/v2/pages/511.json]
[dupoc.net/wp-json/oembed/1.0/embed292a.json]
[dupoc.net/wp-json/oembed/1.0/embed8cf1]
[dupoc.net/jogo-responsavel/index.html]
[dupoc.net/wp-content/litespeed/css/86a53a9e639671a8d4b519c3f9091cad0e6d.css]
[dupoc.net/wp-content/litespeed/css/1f8feb4f2bad38c4e9db599487b2e46c269a.css]
[dupoc.net/wp-json/wp/v2/pages/428.json]
[dupoc.net/wp-json/oembed/1.0/embed653e.json]
[dupoc.net/wp-json/oembed/1.0/embed8fe7]
[dupoc.net/wp-content/uploads/2024/10/Captura-de-tela-2024-10-03-140334.png]
[dupoc.net/wp-content/uploads/2024/10/Captura-de-tela-2024-10-03-150923.png]
[dupoc.net/wp-content/uploads/2024/10/Captura-de-tela-2024-10-03-141310.png]
[dupoc.net/wp-content/uploads/2024/10/Captura-de-tela-2024-10-03-142710.png]
[dupoc.net/wp-content/uploads/2024/10/Captura-de-tela-2024-10-03-143014.png]
[dupoc.net/wp-content/litespeed/css/4ad480a2b4e130dfe113f30c9e87667ea1b1.css]
[dupoc.net/wp-content/litespeed/css/dbf1f2aecb383985dc172764afcd672b25cf.css]
[dupoc.net/wp-content/litespeed/css/93be4119b3e3824f8d4f545050a25b83b294.css]
[dupoc.net/wp-content/litespeed/js/43c6e331429cde34a0fc2b95955ab016d631.js]
[dupoc.net/wp-content/litespeed/js/93fee11067f89d76e5dd8b19d5295367097d.js]
[dupoc.net/afiliados/index.html]
[dupoc.net/wp-content/plugins/litespeed-cache/guest.vary.html]
[dupoc.net/wp-content/litespeed/css/486bcc6add124628b4fa945169c0f0fbcd3d.css]
[dupoc.net/wp-content/litespeed/css/b35432eb2fefdf400fe6e196233568f7c450.css]
[dupoc.net/wp-content/litespeed/css/5323f58abbfb4f97b9c2464eb7f334e9c8d7.css]
[dupoc.net/wp-content/litespeed/css/cc3f147f9d4745503ffa531b2886e2bab162.css]
[dupoc.net/wp-content/litespeed/css/c11a8a40f8875e54c48102375abd45d1303b.css]
[dupoc.net/wp-content/litespeed/css/a983e06e3d32d535f3e1146321c576248978.css]
[dupoc.net/wp-content/litespeed/css/329d5dbc88c77cbd6b0b762d2c0ca57b5468.css]
[dupoc.net/wp-content/litespeed/css/600acba18df6bf6b3afbcc7ed54366ad5cfd.css]
[dupoc.net/index2207.html]
[dupoc.net/index486a.html]
[dupoc.net/wp-content/litespeed/css/131b346ddc9145429c7dab876e5267125080.css]
[dupoc.net/wp-content/litespeed/css/5cf6bca112da1d102ab1c9f299b6d40442ca.css]
[dupoc.net/wp-content/litespeed/css/435a9eb722e8969511e84d4fccf0a32bd1e0.css]
[dupoc.net/wp-content/litespeed/css/1b592f8ea053fcfb4c8a1c006d1e52748516.css]
[dupoc.net/indexf454.html]
[dupoc.net/wp-content/litespeed/css/79d5b82ccd057b807696d09b5ee0b3dfcfd3.css]
[dupoc.net/wp-content/litespeed/css/7d933a3c7e5abff52046d3d4ccc10a780cc6.css]
[dupoc.net/indexbc6e.html]
[dupoc.net/wp-content/litespeed/css/356ba36b6d0d3266a60dfb5013eac01a7afb.css]
[dupoc.net/index1031.html]
[dupoc.net/wp-content/litespeed/css/7c121eb55b705eab69914d84e7ceeaf3ca3a.css]
[dupoc.net/index8e0b.html]
[dupoc.net/wp-content/litespeed/css/86a53a9e639671a8d4b519c3f9091cad0e6d.css]
[dupoc.net/wp-content/litespeed/css/1f8feb4f2bad38c4e9db599487b2e46c269a.css]
[dupoc.net/indexc7ce.html]
[dupoc.net/wp-content/litespeed/css/4ad480a2b4e130dfe113f30c9e87667ea1b1.css]
[dupoc.net/wp-content/litespeed/css/dbf1f2aecb383985dc172764afcd672b25cf.css]
[dupoc.net/wp-content/litespeed/css/93be4119b3e3824f8d4f545050a25b83b294.css]
